// Jest Snapshot v1, https://goo.gl/fbAQLP

exports[`Maintest Component displays correctly without props 1`] = `
<div
  className="Main"
/>
`;
